Godot Engine v4.6.stable.official.89cea1439 - https://godotengine.org
Vulkan 1.4.315 - Forward+ - Using Device #0: AMD - AMD Radeon RX 6800 XT

Could not find Base Mods Data in res://Data/Black Hole Data.json
   At: res://GameModeDataManager.gd:23:load_game_mode_data()
Could not find Black Hole Tier Data in res://Data/Black Hole Data.json
   At: res://GameModeDataManager.gd:30:load_game_mode_data()
Could not find Game Mode Config in res://Data/Black Hole Data.json
   At: res://GameModeDataManager.gd:37:load_game_mode_data()
Save Handler _ready()
Did Steam initialize: { "status": 0, "verbal": "" }
   At: res://SteamHandler.gd:175:initialize_steam()
Finished Steam initialization process
   At: res://SteamHandler.gd:186:initialize_steam()
STEAM LEADERBOARD SIGNALS: ["leaderboard_find_result", "leaderboard_score_uploaded", "leaderboard_scores_downloaded", "leaderboard_ugc_set"]
STEAM LEADERBOARD METHODS: ["attachLeaderboardUGC", "downloadLeaderboardEntries", "downloadLeaderboardEntriesForUsers", "findLeaderboard", "findOrCreateLeaderboard", "getLeaderboardDisplayType", "getLeaderboardEntryCount", "getLeaderboardName", "getLeaderboardSortMethod", "get_leaderboard_details_max", "get_leaderboard_entries", "get_leaderboard_handle", "get_leaderboard_ugc_handle", "set_leaderboard_details_max", "set_leaderboard_entries", "set_leaderboard_handle", "set_leaderboard_ugc_handle", "uploadLeaderboardScore"]
GameAnalyticsManager: initialized platform=windows build=v1.3.1
[OpenPitValidation] mode=fast_render resume_checkpoint=C:/Users/stick/AppData/Roaming/Beep2Bleep Incremental/validation_fast_render_full/checkpoints/20260504_080637/fast_render/sortie_0070 start_sortie_index=70
[OpenPitUpgradeStartup] progress_load_begin since_request=0.000ms
[OpenPitUpgradeStartup] progress_read_planet_state_binary sections=100 119.000ms since_request=0.000ms
LEADERBOARD DOWNLOAD CALLBACK handle=19691528 results=[{ "score": 762256, "steam_id": 76561198089201448, "global_rank": 1, "ugc_handle": -1, "details": [0, 0, 0, 0, 0, 0, 0, 0, 0, 0, 0, 0, 0, 0, 0, 0, 0, 0, 0, 0, 0, 0, 0, 0, 0, 0, 0, 0, 0, 0, 0, 0, 0, 0, 0, 0, 0, 0, 0, 0, 0, 0, 0, 0, 0, 0, 0, 0, 0, 0, 0, 0, 0, 0, 0, 0, 0, 0, 0, 0, 0, 0, 0, 0] }, { "score": 1607872, "steam_id": 76561198091552956, "global_rank": 2, "ugc_handle": -1, "details": [0, 0, 0, 0, 0, 0, 0, 0, 0, 0, 0, 0, 0, 0, 0, 0, 0, 0, 0, 0, 0, 0, 0, 0, 0, 0, 0, 0, 0, 0, 0, 0, 0, 0, 0, 0, 0, 0, 0, 0, 0, 0, 0, 0, 0, 0, 0, 0, 0, 0, 0, 0, 0, 0, 0, 0, 0, 0, 0, 0, 0, 0, 0, 0] }, { "score": 1623634, "steam_id": 76561198013841555, "global_rank": 3, "ugc_handle": -1, "details": [0, 0, 0, 0, 0, 0, 0, 0, 0, 0, 0, 0, 0, 0, 0, 0, 0, 0, 0, 0, 0, 0, 0, 0, 0, 0, 0, 0, 0, 0, 0, 0, 0, 0, 0, 0, 0, 0, 0, 0, 0, 0, 0, 0, 0, 0, 0, 0, 0, 0, 0, 0, 0, 0, 0, 0, 0, 0, 0, 0, 0, 0, 0, 0] }, { "score": 1832051, "steam_id": 76561198005187882, "global_rank": 4, "ugc_handle": -1, "details": [0, 0, 0, 0, 0, 0, 0, 0, 0, 0, 0, 0, 0, 0, 0, 0, 0, 0, 0, 0, 0, 0, 0, 0, 0, 0, 0, 0, 0, 0, 0, 0, 0, 0, 0, 0, 0, 0, 0, 0, 0, 0, 0, 0, 0, 0, 0, 0, 0, 0, 0, 0, 0, 0, 0, 0, 0, 0, 0, 0, 0, 0, 0, 0] }, { "score": 1933758, "steam_id": 76561198097377868, "global_rank": 5, "ugc_handle": -1, "details": [0, 0, 0, 0, 0, 0, 0, 0, 0, 0, 0, 0, 0, 0, 0, 0, 0, 0, 0, 0, 0, 0, 0, 0, 0, 0, 0, 0, 0, 0, 0, 0, 0, 0, 0, 0, 0, 0, 0, 0, 0, 0, 0, 0, 0, 0, 0, 0, 0, 0, 0, 0, 0, 0, 0, 0, 0, 0, 0, 0, 0, 0, 0, 0] }]
LEADERBOARD DOWNLOAD CALLBACK handle=19691528 results=[]
[OpenPitValidation] mode=fast_render sortie=71 auto=core attack return= cargo=4522/4522 fuel=0.0/116.0s money=7131338 xp=137176 cores=7 clear=44.370 remaining=L1=3425 L2=5614 L3=22475 L4=33167 L5=28502 live_remaining=L1=3425 L2=5614 L3=22475 L4=33167 L5=28502 boss=false bought=1
[OpenPitValidation] mode=fast_render sortie=72 auto=core attack return= cargo=3117/4738 fuel=0.0/116.0s money=360403620 xp=188930 cores=1 clear=46.287 remaining=L1=3425 L2=5614 L3=21703 L4=31934 L5=27391 live_remaining=L1=3425 L2=5614 L3=21703 L4=31934 L5=27391 boss=false bought=4
[OpenPitValidation] mode=fast_render sortie=73 auto=top sweep return=fuel reserve 18s cargo=2465/6446 fuel=12.4/116.0s money=63530945 xp=53801 cores=1 clear=47.569 remaining=L1=3425 L2=5525 L3=19327 L4=31934 L5=27725 live_remaining=L1=3425 L2=5525 L3=19327 L4=31934 L5=27725 boss=false bought=13
[OpenPitValidation] mode=fast_render sortie=74 auto=top sweep return=fuel reserve 18s cargo=1890/6446 fuel=12.1/116.0s money=79341691 xp=80276 cores=1 clear=48.694 remaining=L1=3425 L2=5525 L3=17901 L4=31470 L5=27725 live_remaining=L1=3425 L2=5525 L3=17901 L4=31470 L5=27725 boss=false bought=0
[OpenPitValidation] mode=fast_render sortie=75 auto=left sweep return=fuel reserve 18s cargo=2255/6530 fuel=11.7/116.0s money=35560119 xp=113565 cores=1 clear=50.037 remaining=L1=3425 L2=5513 L3=16810 L4=30318 L5=27725 live_remaining=L1=3425 L2=5513 L3=16810 L4=30318 L5=27725 boss=false bought=1
[OpenPitValidation] mode=fast_render sortie=76 auto=core attack return= cargo=3535/6530 fuel=0.0/116.0s money=708458369 xp=175075 cores=3 clear=52.141 remaining=L1=3425 L2=5513 L3=16402 L4=28967 L5=25951 live_remaining=L1=3425 L2=5513 L3=16402 L4=28967 L5=25951 boss=false bought=0
[OpenPitValidation] mode=fast_render sortie=77 auto=core attack return= cargo=1496/6706 fuel=0.0/116.0s money=740770776 xp=51661 cores=2 clear=52.926 remaining=L1=3425 L2=5513 L3=16380 L4=28230 L5=25491 live_remaining=L1=3425 L2=5513 L3=16380 L4=28230 L5=25491 boss=false bought=4
[OpenPitValidation] mode=fast_render sortie=78 auto=top sweep return=fuel reserve 18s cargo=2076/7234 fuel=12.7/116.0s money=41920630 xp=79885 cores=2 clear=54.046 remaining=L1=3425 L2=5156 L3=14661 L4=28230 L5=25682 live_remaining=L1=3425 L2=5156 L3=14661 L4=28230 L5=25682 boss=false bought=3
[OpenPitValidation] mode=fast_render sortie=79 auto=left sweep return=fuel reserve 18s cargo=1954/7234 fuel=11.8/116.0s money=78862345 xp=110981 cores=2 clear=55.209 remaining=L1=3425 L2=5129 L3=13795 L4=27169 L5=25682 live_remaining=L1=3425 L2=5129 L3=13795 L4=27169 L5=25682 boss=false bought=0
[OpenPitValidation] mode=fast_render sortie=80 auto=top sweep return=fuel reserve 18s cargo=2331/7234 fuel=11.3/116.0s money=171444275 xp=149116 cores=2 clear=56.597 remaining=L1=3425 L2=5129 L3=13090 L4=25543 L5=25682 live_remaining=L1=3425 L2=5129 L3=13090 L4=25543 L5=25682 boss=false bought=0
[OpenPitValidation] checkpoint=C:/Users/stick/AppData/Roaming/Beep2Bleep Incremental/validation_late_cargo_check/checkpoints/20260505_233737_from_fast_render_sortie_0070/fast_render/sortie_0080 completed_sorties=80
[OpenPitUpgradeStartup] progress_load_begin since_request=0.000ms
[OpenPitUpgradeStartup] progress_read_planet_state_binary sections=100 86.000ms since_request=0.000ms
[OpenPitValidation] mode=fast_render sortie=81 auto=top sweep return=fuel reserve 18s cargo=2316/7450 fuel=12.0/116.0s money=105674299 xp=182438 cores=2 clear=57.975 remaining=L1=3425 L2=4798 L3=11603 L4=25045 L5=25682 live_remaining=L1=3425 L2=4798 L3=11603 L4=25045 L5=25682 boss=false bought=1
[OpenPitValidation] mode=fast_render sortie=82 auto=center return=fuel reserve 18s cargo=1629/7450 fuel=12.1/116.0s money=113931179 xp=205808 cores=2 clear=58.945 remaining=L1=3425 L2=4798 L3=10015 L4=25004 L5=25682 live_remaining=L1=3425 L2=4798 L3=10015 L4=25004 L5=25682 boss=false bought=0
[OpenPitValidation] mode=fast_render sortie=83 auto=center return=fuel reserve 18s cargo=2322/7450 fuel=11.0/116.0s money=145792894 xp=240698 cores=2 clear=60.327 remaining=L1=3425 L2=4523 L3=8928 L4=24044 L5=25682 live_remaining=L1=3425 L2=4523 L3=8928 L4=24044 L5=25682 boss=false bought=0
[OpenPitValidation] mode=fast_render sortie=84 auto=core attack return= cargo=649/7450 fuel=0.0/116.0s money=1515579148 xp=19000 cores=2 clear=60.713 remaining=L1=3425 L2=4523 L3=8916 L4=23966 L5=25132 live_remaining=L1=3425 L2=4523 L3=8916 L4=23966 L5=25132 boss=false bought=1
[OpenPitValidation] mode=fast_render sortie=85 auto=right sweep return=fuel reserve 18s cargo=1467/7606 fuel=11.8/116.0s money=165509095 xp=41188 cores=2 clear=61.300 remaining=L1=3425 L2=4523 L3=7859 L4=23556 L5=25605 live_remaining=L1=3425 L2=4523 L3=7859 L4=23556 L5=25605 boss=false bought=1
[OpenPitValidation] mode=fast_render sortie=86 auto=dig deep return=fuel reserve 18s cargo=2388/7606 fuel=11.4/116.0s money=203339989 xp=79500 cores=2 clear=62.721 remaining=L1=3425 L2=4523 L3=6869 L4=22158 L5=25605 live_remaining=L1=3425 L2=4523 L3=6869 L4=22158 L5=25605 boss=false bought=0
[OpenPitValidation] mode=fast_render sortie=87 auto=center return=fuel reserve 18s cargo=2313/7606 fuel=11.4/116.0s money=314237756 xp=118920 cores=2 clear=64.098 remaining=L1=3425 L2=4486 L3=6762 L4=19989 L5=25605 live_remaining=L1=3425 L2=4486 L3=6762 L4=19989 L5=25605 boss=false bought=0
[OpenPitValidation] mode=fast_render sortie=88 auto=center return=fuel reserve 18s cargo=2124/7834 fuel=10.6/116.0s money=322545725 xp=157534 cores=2 clear=65.362 remaining=L1=3425 L2=4486 L3=6738 L4=18390 L5=25104 live_remaining=L1=3425 L2=4486 L3=6738 L4=18390 L5=25104 boss=false bought=1
[OpenPitValidation] mode=fast_render sortie=89 auto=right sweep return=fuel reserve 18s cargo=1940/7834 fuel=10.0/116.0s money=704464284 xp=194320 cores=2 clear=66.517 remaining=L1=3425 L2=4486 L3=6581 L4=17552 L5=24159 live_remaining=L1=3425 L2=4486 L3=6581 L4=17552 L5=24159 boss=false bought=0
[OpenPitValidation] mode=fast_render sortie=90 auto=right sweep return=fuel reserve 18s cargo=1479/8050 fuel=10.4/116.0s money=240356459 xp=219072 cores=2 clear=67.397 remaining=L1=3425 L2=4473 L3=6168 L4=16634 L5=24024 live_remaining=L1=3425 L2=4473 L3=6168 L4=16634 L5=24024 boss=false bought=1
[OpenPitValidation] checkpoint=C:/Users/stick/AppData/Roaming/Beep2Bleep Incremental/validation_late_cargo_check/checkpoints/20260505_233737_from_fast_render_sortie_0070/fast_render/sortie_0090 completed_sorties=90
[OpenPitUpgradeStartup] progress_load_begin since_request=0.000ms
[OpenPitValidation] report=C:/Users/stick/AppData/Roaming/Beep2Bleep Incremental/validation_late_cargo_check/summary.md
