Godot Engine v4.6.stable.official.89cea1439 - https://godotengine.org
Vulkan 1.4.315 - Forward+ - Using Device #0: AMD - AMD Radeon RX 6800 XT

Could not find Base Mods Data in res://Data/Black Hole Data.json
   At: res://GameModeDataManager.gd:23:load_game_mode_data()
Could not find Black Hole Tier Data in res://Data/Black Hole Data.json
   At: res://GameModeDataManager.gd:30:load_game_mode_data()
Could not find Game Mode Config in res://Data/Black Hole Data.json
   At: res://GameModeDataManager.gd:37:load_game_mode_data()
Save Handler _ready()
Did Steam initialize: { "status": 0, "verbal": "" }
   At: res://SteamHandler.gd:175:initialize_steam()
Finished Steam initialization process
   At: res://SteamHandler.gd:186:initialize_steam()
STEAM LEADERBOARD SIGNALS: ["leaderboard_find_result", "leaderboard_score_uploaded", "leaderboard_scores_downloaded", "leaderboard_ugc_set"]
STEAM LEADERBOARD METHODS: ["attachLeaderboardUGC", "downloadLeaderboardEntries", "downloadLeaderboardEntriesForUsers", "findLeaderboard", "findOrCreateLeaderboard", "getLeaderboardDisplayType", "getLeaderboardEntryCount", "getLeaderboardName", "getLeaderboardSortMethod", "get_leaderboard_details_max", "get_leaderboard_entries", "get_leaderboard_handle", "get_leaderboard_ugc_handle", "set_leaderboard_details_max", "set_leaderboard_entries", "set_leaderboard_handle", "set_leaderboard_ugc_handle", "uploadLeaderboardScore"]
GameAnalyticsManager: initialized platform=windows build=v1.3.1
[OpenPitValidation] mode=fast_render reset_progress
LEADERBOARD DOWNLOAD CALLBACK handle=19691528 results=[{ "score": 762256, "steam_id": 76561198089201448, "global_rank": 1, "ugc_handle": -1, "details": [0, 0, 0, 0, 0, 0, 0, 0, 0, 0, 0, 0, 0, 0, 0, 0, 0, 0, 0, 0, 0, 0, 0, 0, 0, 0, 0, 0, 0, 0, 0, 0, 0, 0, 0, 0, 0, 0, 0, 0, 0, 0, 0, 0, 0, 0, 0, 0, 0, 0, 0, 0, 0, 0, 0, 0, 0, 0, 0, 0, 0, 0, 0, 0] }, { "score": 1607872, "steam_id": 76561198091552956, "global_rank": 2, "ugc_handle": -1, "details": [0, 0, 0, 0, 0, 0, 0, 0, 0, 0, 0, 0, 0, 0, 0, 0, 0, 0, 0, 0, 0, 0, 0, 0, 0, 0, 0, 0, 0, 0, 0, 0, 0, 0, 0, 0, 0, 0, 0, 0, 0, 0, 0, 0, 0, 0, 0, 0, 0, 0, 0, 0, 0, 0, 0, 0, 0, 0, 0, 0, 0, 0, 0, 0] }, { "score": 1623634, "steam_id": 76561198013841555, "global_rank": 3, "ugc_handle": -1, "details": [0, 0, 0, 0, 0, 0, 0, 0, 0, 0, 0, 0, 0, 0, 0, 0, 0, 0, 0, 0, 0, 0, 0, 0, 0, 0, 0, 0, 0, 0, 0, 0, 0, 0, 0, 0, 0, 0, 0, 0, 0, 0, 0, 0, 0, 0, 0, 0, 0, 0, 0, 0, 0, 0, 0, 0, 0, 0, 0, 0, 0, 0, 0, 0] }, { "score": 1832051, "steam_id": 76561198005187882, "global_rank": 4, "ugc_handle": -1, "details": [0, 0, 0, 0, 0, 0, 0, 0, 0, 0, 0, 0, 0, 0, 0, 0, 0, 0, 0, 0, 0, 0, 0, 0, 0, 0, 0, 0, 0, 0, 0, 0, 0, 0, 0, 0, 0, 0, 0, 0, 0, 0, 0, 0, 0, 0, 0, 0, 0, 0, 0, 0, 0, 0, 0, 0, 0, 0, 0, 0, 0, 0, 0, 0] }, { "score": 1933758, "steam_id": 76561198097377868, "global_rank": 5, "ugc_handle": -1, "details": [0, 0, 0, 0, 0, 0, 0, 0, 0, 0, 0, 0, 0, 0, 0, 0, 0, 0, 0, 0, 0, 0, 0, 0, 0, 0, 0, 0, 0, 0, 0, 0, 0, 0, 0, 0, 0, 0, 0, 0, 0, 0, 0, 0, 0, 0, 0, 0, 0, 0, 0, 0, 0, 0, 0, 0, 0, 0, 0, 0, 0, 0, 0, 0] }]
LEADERBOARD DOWNLOAD CALLBACK handle=19691528 results=[]
[OpenPitValidation] mode=fast_render sortie=1 auto=dig deep return=fuel reserve 6s cargo=16/24 fuel=3.6/34.0s money=80 xp=17 cores=0 clear=0.010 remaining=L1=36497 L2=33578 L3=33785 L4=35270 L5=28502 live_remaining=L1=36497 L2=33578 L3=33785 L4=35270 L5=28502 boss=false bought=0
[OpenPitValidation] mode=fast_render sortie=2 auto=core attack return= cargo=14/24 fuel=0.0/34.0s money=80 xp=37 cores=0 clear=0.021 remaining=L1=36477 L2=33578 L3=33785 L4=35270 L5=28502 live_remaining=L1=36477 L2=33578 L3=33785 L4=35270 L5=28502 boss=false bought=0
[OpenPitValidation] mode=fast_render sortie=3 auto=dig deep return=fuel reserve 6s cargo=17/24 fuel=4.1/34.0s money=165 xp=54 cores=0 clear=0.032 remaining=L1=36460 L2=33578 L3=33785 L4=35270 L5=28502 live_remaining=L1=36460 L2=33578 L3=33785 L4=35270 L5=28502 boss=false bought=0
[OpenPitValidation] mode=fast_render sortie=4 auto=dig deep return=fuel reserve 6s cargo=16/24 fuel=3.9/34.0s money=245 xp=70 cores=0 clear=0.041 remaining=L1=36444 L2=33578 L3=33785 L4=35270 L5=28502 live_remaining=L1=36444 L2=33578 L3=33785 L4=35270 L5=28502 boss=false bought=0
[OpenPitValidation] mode=fast_render sortie=5 auto=dig deep return=fuel reserve 6s cargo=16/24 fuel=4.4/34.0s money=327 xp=86 cores=0 clear=0.051 remaining=L1=36428 L2=33578 L3=33785 L4=35270 L5=28502 live_remaining=L1=36428 L2=33578 L3=33785 L4=35270 L5=28502 boss=false bought=0
[OpenPitValidation] mode=fast_render sortie=6 auto=center return=cargo full cargo=24/24 fuel=12.1/34.0s money=145 xp=111 cores=0 clear=0.065 remaining=L1=36404 L2=33578 L3=33785 L4=35270 L5=28502 live_remaining=L1=36404 L2=33578 L3=33785 L4=35270 L5=28502 boss=false bought=1
[OpenPitValidation] mode=fast_render sortie=7 auto=left sweep return=cargo full cargo=24/24 fuel=13.1/34.0s money=270 xp=136 cores=0 clear=0.079 remaining=L1=36380 L2=33578 L3=33785 L4=35270 L5=28502 live_remaining=L1=36380 L2=33578 L3=33785 L4=35270 L5=28502 boss=false bought=0
[OpenPitValidation] mode=fast_render sortie=8 auto=core attack return= cargo=24/24 fuel=0.0/34.0s money=270 xp=196 cores=0 clear=0.113 remaining=L1=36323 L2=33578 L3=33785 L4=35270 L5=28502 live_remaining=L1=36323 L2=33578 L3=33785 L4=35270 L5=28502 boss=false bought=0
[OpenPitValidation] mode=fast_render sortie=9 auto=top sweep return=cargo full cargo=24/24 fuel=11.0/34.0s money=393 xp=99 cores=0 clear=0.127 remaining=L1=36299 L2=33578 L3=33785 L4=35270 L5=28502 live_remaining=L1=36299 L2=33578 L3=33785 L4=35270 L5=28502 boss=false bought=1
[OpenPitValidation] mode=fast_render sortie=10 auto=right sweep return=fuel reserve 6s cargo=33/150 fuel=3.8/34.0s money=256 xp=171 cores=0 clear=0.147 remaining=L1=36266 L2=33578 L3=33785 L4=35270 L5=28502 live_remaining=L1=36266 L2=33578 L3=33785 L4=35270 L5=28502 boss=false bought=1
[OpenPitValidation] checkpoint=C:/Users/stick/AppData/Roaming/Beep2Bleep Incremental/validation_fast_render_full/checkpoints/20260504_080637/fast_render/sortie_0010 completed_sorties=10
[OpenPitUpgradeStartup] progress_load_begin since_request=0.000ms
[OpenPitUpgradeStartup] progress_read_planet_state_binary sections=100 174.000ms since_request=0.000ms
[OpenPitValidation] mode=fast_render sortie=11 auto=top sweep return=fuel reserve 6s cargo=30/150 fuel=2.1/34.0s money=424 xp=237 cores=0 clear=0.165 remaining=L1=36235 L2=33578 L3=33785 L4=35270 L5=28502 live_remaining=L1=36235 L2=33578 L3=33785 L4=35270 L5=28502 boss=false bought=0
[OpenPitValidation] mode=fast_render sortie=12 auto=top sweep return=fuel reserve 11s cargo=99/150 fuel=8.0/70.0s money=575 xp=220 cores=0 clear=0.225 remaining=L1=36135 L2=33578 L3=33785 L4=35270 L5=28502 live_remaining=L1=36135 L2=33578 L3=33785 L4=35270 L5=28502 boss=false bought=3
[OpenPitValidation] mode=fast_render sortie=13 auto=dig deep return=fuel reserve 11s cargo=102/150 fuel=7.8/70.0s money=904 xp=432 cores=0 clear=0.286 remaining=L1=36033 L2=33578 L3=33785 L4=35270 L5=28502 live_remaining=L1=36033 L2=33578 L3=33785 L4=35270 L5=28502 boss=false bought=1
[OpenPitValidation] mode=fast_render sortie=14 auto=dig deep return=fuel reserve 11s cargo=115/252 fuel=7.1/70.0s money=2255 xp=409 cores=0 clear=0.354 remaining=L1=35918 L2=33578 L3=33785 L4=35270 L5=28502 live_remaining=L1=35918 L2=33578 L3=33785 L4=35270 L5=28502 boss=false bought=2
[OpenPitValidation] mode=fast_render sortie=15 auto=left sweep return=fuel reserve 11s cargo=130/252 fuel=9.8/70.0s money=3014 xp=466 cores=0 clear=0.432 remaining=L1=35788 L2=33578 L3=33785 L4=35270 L5=28502 live_remaining=L1=35788 L2=33578 L3=33785 L4=35270 L5=28502 boss=false bought=2
[OpenPitValidation] mode=fast_render sortie=16 auto=top sweep return=fuel reserve 13s cargo=177/378 fuel=9.5/85.0s money=2906 xp=468 cores=0 clear=0.537 remaining=L1=35611 L2=33578 L3=33785 L4=35270 L5=28502 live_remaining=L1=35611 L2=33578 L3=33785 L4=35270 L5=28502 boss=false bought=3
[OpenPitValidation] mode=fast_render sortie=17 auto=dig deep return=fuel reserve 13s cargo=223/378 fuel=9.6/85.0s money=4061 xp=936 cores=0 clear=0.670 remaining=L1=35388 L2=33578 L3=33785 L4=35270 L5=28502 live_remaining=L1=35388 L2=33578 L3=33785 L4=35270 L5=28502 boss=false bought=2
[OpenPitValidation] mode=fast_render sortie=18 auto=dig deep return=fuel reserve 13s cargo=295/378 fuel=8.1/85.0s money=7929 xp=955 cores=0 clear=0.845 remaining=L1=35093 L2=33578 L3=33785 L4=35270 L5=28502 live_remaining=L1=35093 L2=33578 L3=33785 L4=35270 L5=28502 boss=false bought=3
[OpenPitValidation] mode=fast_render sortie=19 auto=right sweep return=cargo full cargo=378/378 fuel=28.2/85.0s money=15529 xp=1715 cores=0 clear=1.085 remaining=L1=34690 L2=33578 L3=33785 L4=35270 L5=28502 live_remaining=L1=34690 L2=33578 L3=33785 L4=35270 L5=28502 boss=false bought=3
[OpenPitValidation] mode=fast_render sortie=20 auto=top sweep return=cargo full cargo=504/504 fuel=56.1/116.0s money=23194 xp=1993 cores=0 clear=1.395 remaining=L1=34170 L2=33578 L3=33785 L4=35270 L5=28502 live_remaining=L1=34170 L2=33578 L3=33785 L4=35270 L5=28502 boss=false bought=4
[OpenPitValidation] checkpoint=C:/Users/stick/AppData/Roaming/Beep2Bleep Incremental/validation_fast_render_full/checkpoints/20260504_080637/fast_render/sortie_0020 completed_sorties=20
[OpenPitUpgradeStartup] progress_load_begin since_request=0.000ms
[OpenPitUpgradeStartup] progress_read_planet_state_binary sections=100 168.000ms since_request=0.000ms
[OpenPitValidation] mode=fast_render sortie=21 auto=dig deep return=fuel reserve 18s cargo=600/660 fuel=13.8/116.0s money=36892 xp=2202 cores=0 clear=1.766 remaining=L1=33546 L2=33578 L3=33785 L4=35270 L5=28502 live_remaining=L1=33546 L2=33578 L3=33785 L4=35270 L5=28502 boss=false bought=5
[OpenPitValidation] mode=fast_render sortie=22 auto=dig deep return=cargo full cargo=660/660 fuel=44.0/116.0s money=36701 xp=3003 cores=0 clear=2.134 remaining=L1=32928 L2=33578 L3=33785 L4=35270 L5=28502 live_remaining=L1=32928 L2=33578 L3=33785 L4=35270 L5=28502 boss=false bought=4
[OpenPitValidation] mode=fast_render sortie=23 auto=top sweep return=cargo full cargo=660/660 fuel=43.1/116.0s money=44100 xp=3280 cores=0 clear=2.558 remaining=L1=32215 L2=33578 L3=33785 L4=35270 L5=28502 live_remaining=L1=32215 L2=33578 L3=33785 L4=35270 L5=28502 boss=false bought=4
[OpenPitValidation] mode=fast_render sortie=24 auto=right sweep return=cargo full cargo=744/744 fuel=74.5/116.0s money=39542 xp=4081 cores=0 clear=2.908 remaining=L1=31628 L2=33578 L3=33785 L4=35270 L5=28502 live_remaining=L1=31628 L2=33578 L3=33785 L4=35270 L5=28502 boss=false bought=5
[OpenPitValidation] mode=fast_render sortie=25 auto=dig deep return=cargo full cargo=798/798 fuel=60.7/116.0s money=65521 xp=3993 cores=0 clear=3.417 remaining=L1=30773 L2=33578 L3=33785 L4=35270 L5=28502 live_remaining=L1=30773 L2=33578 L3=33785 L4=35270 L5=28502 boss=false bought=2
[OpenPitValidation] mode=fast_render sortie=26 auto=right sweep return=cargo full cargo=798/798 fuel=40.5/116.0s money=79569 xp=5783 cores=1 clear=3.837 remaining=L1=30077 L2=33569 L3=33785 L4=35270 L5=28502 live_remaining=L1=30077 L2=33569 L3=33785 L4=35270 L5=28502 boss=false bought=2
[OpenPitValidation] mode=fast_render sortie=27 auto=core attack return= cargo=798/798 fuel=0.0/116.0s money=11881 xp=10727 cores=1 clear=5.123 remaining=L1=27922 L2=33573 L3=33785 L4=35270 L5=28502 live_remaining=L1=27922 L2=33573 L3=33785 L4=35270 L5=28502 boss=false bought=3
[OpenPitValidation] mode=fast_render sortie=28 auto=dig deep return=cargo full cargo=798/798 fuel=56.6/116.0s money=84646 xp=4598 cores=0 clear=5.637 remaining=L1=27066 L2=33573 L3=33785 L4=35270 L5=28502 live_remaining=L1=27066 L2=33573 L3=33785 L4=35270 L5=28502 boss=false bought=3
[OpenPitValidation] mode=fast_render sortie=29 auto=dig deep return=cargo full cargo=888/888 fuel=55.5/116.0s money=84106 xp=9504 cores=0 clear=6.200 remaining=L1=26120 L2=33573 L3=33785 L4=35270 L5=28502 live_remaining=L1=26120 L2=33573 L3=33785 L4=35270 L5=28502 boss=false bought=3
[OpenPitValidation] mode=fast_render sortie=30 auto=top sweep return=cargo full cargo=942/942 fuel=31.6/116.0s money=130236 xp=8874 cores=0 clear=6.783 remaining=L1=25156 L2=33558 L3=33785 L4=35270 L5=28502 live_remaining=L1=25156 L2=33558 L3=33785 L4=35270 L5=28502 boss=false bought=2
[OpenPitValidation] checkpoint=C:/Users/stick/AppData/Roaming/Beep2Bleep Incremental/validation_fast_render_full/checkpoints/20260504_080637/fast_render/sortie_0030 completed_sorties=30
[OpenPitUpgradeStartup] progress_load_begin since_request=0.000ms
[OpenPitUpgradeStartup] progress_read_planet_state_binary sections=100 160.000ms since_request=0.000ms
[OpenPitValidation] mode=fast_render sortie=31 auto=dig deep return=cargo full cargo=942/942 fuel=66.5/116.0s money=119534 xp=5221 cores=0 clear=7.349 remaining=L1=24203 L2=33560 L3=33785 L4=35270 L5=28502 live_remaining=L1=24203 L2=33560 L3=33785 L4=35270 L5=28502 boss=false bought=2
[OpenPitValidation] mode=fast_render sortie=32 auto=left sweep return=cargo full cargo=984/984 fuel=55.5/116.0s money=110337 xp=10521 cores=0 clear=7.961 remaining=L1=23175 L2=33560 L3=33785 L4=35270 L5=28502 live_remaining=L1=23175 L2=33560 L3=33785 L4=35270 L5=28502 boss=false bought=1
[OpenPitValidation] mode=fast_render sortie=33 auto=right sweep return=cargo full cargo=1038/1038 fuel=59.0/116.0s money=126533 xp=6153 cores=0 clear=8.609 remaining=L1=22086 L2=33560 L3=33785 L4=35270 L5=28502 live_remaining=L1=22086 L2=33560 L3=33785 L4=35270 L5=28502 boss=false bought=2
[OpenPitValidation] mode=fast_render sortie=34 auto=top sweep return=cargo full cargo=1146/1146 fuel=20.2/116.0s money=175911 xp=12143 cores=0 clear=9.237 remaining=L1=21031 L2=33560 L3=33785 L4=35270 L5=28502 live_remaining=L1=21031 L2=33560 L3=33785 L4=35270 L5=28502 boss=false bought=2
[OpenPitValidation] mode=fast_render sortie=35 auto=center return=cargo full cargo=1194/1194 fuel=15.5/116.0s money=149171 xp=19058 cores=0 clear=9.829 remaining=L1=20262 L2=33335 L3=33785 L4=35270 L5=28502 live_remaining=L1=20262 L2=33335 L3=33785 L4=35270 L5=28502 boss=false bought=1
[OpenPitValidation] mode=fast_render sortie=36 auto=core attack return= cargo=1254/1254 fuel=0.0/116.0s money=22968 xp=21457 cores=3 clear=11.136 remaining=L1=19406 L2=31997 L3=33785 L4=35270 L5=28502 live_remaining=L1=19406 L2=31997 L3=33785 L4=35270 L5=28502 boss=false bought=2
[OpenPitValidation] mode=fast_render sortie=37 auto=left sweep return=fuel reserve 18s cargo=1175/1254 fuel=13.9/116.0s money=165106 xp=8453 cores=0 clear=11.859 remaining=L1=18284 L2=31944 L3=33785 L4=35270 L5=28502 live_remaining=L1=18284 L2=31944 L3=33785 L4=35270 L5=28502 boss=false bought=3
[OpenPitValidation] mode=fast_render sortie=38 auto=right sweep return=cargo full cargo=1254/1254 fuel=21.7/116.0s money=300504 xp=15048 cores=0 clear=12.609 remaining=L1=17024 L2=31944 L3=33785 L4=35270 L5=28502 live_remaining=L1=17024 L2=31944 L3=33785 L4=35270 L5=28502 boss=false bought=0
[OpenPitValidation] mode=fast_render sortie=39 auto=dig deep return=fuel reserve 18s cargo=1085/1254 fuel=13.6/116.0s money=268540 xp=7098 cores=0 clear=13.255 remaining=L1=15956 L2=31927 L3=33785 L4=35270 L5=28502 live_remaining=L1=15956 L2=31927 L3=33785 L4=35270 L5=28502 boss=false bought=2
[OpenPitValidation] mode=fast_render sortie=40 auto=dig deep return=fuel reserve 18s cargo=1255/1308 fuel=13.8/116.0s money=244304 xp=16349 cores=0 clear=14.002 remaining=L1=15409 L2=31219 L3=33785 L4=35270 L5=28502 live_remaining=L1=15409 L2=31219 L3=33785 L4=35270 L5=28502 boss=false bought=1
[OpenPitValidation] checkpoint=C:/Users/stick/AppData/Roaming/Beep2Bleep Incremental/validation_fast_render_full/checkpoints/20260504_080637/fast_render/sortie_0040 completed_sorties=40
[OpenPitUpgradeStartup] progress_load_begin since_request=0.000ms
[OpenPitUpgradeStartup] progress_read_planet_state_binary sections=100 153.000ms since_request=0.000ms
[OpenPitValidation] mode=fast_render sortie=41 auto=left sweep return=fuel reserve 18s cargo=1234/1374 fuel=13.8/116.0s money=257487 xp=25365 cores=0 clear=14.737 remaining=L1=14840 L2=30554 L3=33785 L4=35270 L5=28502 live_remaining=L1=14840 L2=30554 L3=33785 L4=35270 L5=28502 boss=false bought=1
[OpenPitValidation] mode=fast_render sortie=42 auto=left sweep return=fuel reserve 18s cargo=934/1374 fuel=13.0/116.0s money=574547 xp=14947 cores=0 clear=15.293 remaining=L1=14828 L2=29632 L3=33785 L4=35270 L5=28502 live_remaining=L1=14828 L2=29632 L3=33785 L4=35270 L5=28502 boss=false bought=1
[OpenPitValidation] mode=fast_render sortie=43 auto=top sweep return=cargo full cargo=1416/1416 fuel=20.4/116.0s money=273426 xp=23889 cores=0 clear=16.137 remaining=L1=13489 L2=29553 L3=33785 L4=35270 L5=28502 live_remaining=L1=13489 L2=29553 L3=33785 L4=35270 L5=28502 boss=false bought=1
[OpenPitValidation] mode=fast_render sortie=44 auto=center return=cargo full cargo=1416/1416 fuel=54.9/116.0s money=498908 xp=10894 cores=0 clear=16.981 remaining=L1=12406 L2=29218 L3=33785 L4=35270 L5=28502 live_remaining=L1=12406 L2=29218 L3=33785 L4=35270 L5=28502 boss=false bought=1
[OpenPitValidation] mode=fast_render sortie=45 auto=right sweep return=cargo full cargo=1470/1470 fuel=38.4/116.0s money=534829 xp=21807 cores=0 clear=17.860 remaining=L1=11780 L2=28367 L3=33785 L4=35270 L5=28502 live_remaining=L1=11780 L2=28367 L3=33785 L4=35270 L5=28502 boss=false bought=1
[OpenPitValidation] mode=fast_render sortie=46 auto=center return=cargo full cargo=1524/1524 fuel=49.8/116.0s money=324317 xp=31340 cores=0 clear=18.773 remaining=L1=10247 L2=28367 L3=33785 L4=35270 L5=28502 live_remaining=L1=10247 L2=28367 L3=33785 L4=35270 L5=28502 boss=false bought=1
[OpenPitValidation] mode=fast_render sortie=47 auto=center return=cargo full cargo=1524/1524 fuel=26.2/116.0s money=619846 xp=13822 cores=0 clear=19.696 remaining=L1=9671 L2=27392 L3=33785 L4=35270 L5=28502 live_remaining=L1=9671 L2=27392 L3=33785 L4=35270 L5=28502 boss=false bought=1
[OpenPitValidation] mode=fast_render sortie=48 auto=dig deep return=fuel reserve 18s cargo=1466/1596 fuel=13.6/116.0s money=842587 xp=25561 cores=0 clear=20.568 remaining=L1=9514 L2=26083 L3=33785 L4=35270 L5=28502 live_remaining=L1=9514 L2=26083 L3=33785 L4=35270 L5=28502 boss=false bought=1
[OpenPitValidation] mode=fast_render sortie=49 auto=dig deep return=cargo full cargo=1650/1650 fuel=25.8/116.0s money=700058 xp=14474 cores=0 clear=21.556 remaining=L1=9468 L2=24469 L3=33785 L4=35270 L5=28502 live_remaining=L1=9468 L2=24469 L3=33785 L4=35270 L5=28502 boss=false bought=2
[OpenPitValidation] mode=fast_render sortie=50 auto=right sweep return=cargo full cargo=1734/1734 fuel=18.7/116.0s money=720008 xp=28450 cores=0 clear=22.612 remaining=L1=9134 L2=23029 L3=33785 L4=35270 L5=28502 live_remaining=L1=9134 L2=23029 L3=33785 L4=35270 L5=28502 boss=false bought=1
[OpenPitValidation] checkpoint=C:/Users/stick/AppData/Roaming/Beep2Bleep Incremental/validation_fast_render_full/checkpoints/20260504_080637/fast_render/sortie_0050 completed_sorties=50
[OpenPitUpgradeStartup] progress_load_begin since_request=0.000ms
[OpenPitUpgradeStartup] progress_read_planet_state_binary sections=100 151.000ms since_request=0.000ms
[OpenPitValidation] mode=fast_render sortie=51 auto=left sweep return=fuel reserve 18s cargo=1632/1734 fuel=12.8/116.0s money=1470197 xp=40974 cores=0 clear=23.503 remaining=L1=8663 L2=22007 L3=33781 L4=35270 L5=28502 live_remaining=L1=8663 L2=22007 L3=33781 L4=35270 L5=28502 boss=false bought=0
[OpenPitValidation] mode=fast_render sortie=52 auto=center return=cargo full cargo=1776/1776 fuel=15.7/116.0s money=1113771 xp=16547 cores=0 clear=24.562 remaining=L1=7992 L2=20899 L3=33781 L4=35270 L5=28502 live_remaining=L1=7992 L2=20899 L3=33781 L4=35270 L5=28502 boss=false bought=2
[OpenPitValidation] mode=fast_render sortie=53 auto=right sweep return=cargo full cargo=1830/1830 fuel=15.2/116.0s money=800939 xp=30252 cores=0 clear=25.664 remaining=L1=7262 L2=19779 L3=33781 L4=35270 L5=28502 live_remaining=L1=7262 L2=19779 L3=33781 L4=35270 L5=28502 boss=false bought=1
[OpenPitValidation] mode=fast_render sortie=54 auto=dig deep return=fuel reserve 18s cargo=1794/1830 fuel=14.7/116.0s money=436547 xp=42903 cores=0 clear=26.731 remaining=L1=6216 L2=19031 L3=33781 L4=35270 L5=28502 live_remaining=L1=6216 L2=19031 L3=33781 L4=35270 L5=28502 boss=false bought=1
[OpenPitValidation] mode=fast_render sortie=55 auto=right sweep return=fuel reserve 18s cargo=1602/1830 fuel=13.0/116.0s money=1090219 xp=19854 cores=0 clear=27.685 remaining=L1=5599 L2=18053 L3=33774 L4=35270 L5=28502 live_remaining=L1=5599 L2=18053 L3=33774 L4=35270 L5=28502 boss=false bought=1
[OpenPitValidation] mode=fast_render sortie=56 auto=center return=fuel reserve 18s cargo=1682/1830 fuel=12.9/116.0s money=2176937 xp=34530 cores=0 clear=28.686 remaining=L1=5211 L2=17272 L3=33262 L4=35270 L5=28502 live_remaining=L1=5211 L2=17272 L3=33262 L4=35270 L5=28502 boss=false bought=0
[OpenPitValidation] mode=fast_render sortie=57 auto=dig deep return=fuel reserve 18s cargo=1334/1878 fuel=13.1/116.0s money=1487276 xp=46310 cores=0 clear=29.452 remaining=L1=5066 L2=16412 L3=32980 L4=35270 L5=28502 live_remaining=L1=5066 L2=16412 L3=32980 L4=35270 L5=28502 boss=false bought=1
[OpenPitValidation] mode=fast_render sortie=58 auto=center return=fuel reserve 18s cargo=1347/1938 fuel=13.2/116.0s money=1079181 xp=58278 cores=0 clear=30.241 remaining=L1=4981 L2=15498 L3=32652 L4=35270 L5=28502 live_remaining=L1=4981 L2=15498 L3=32652 L4=35270 L5=28502 boss=false bought=1
[OpenPitValidation] mode=fast_render sortie=59 auto=right sweep return=fuel reserve 18s cargo=1511/1938 fuel=13.0/116.0s money=1946777 xp=15049 cores=0 clear=31.134 remaining=L1=4580 L2=14657 L3=32395 L4=35270 L5=28502 live_remaining=L1=4580 L2=14657 L3=32395 L4=35270 L5=28502 boss=false bought=1
[OpenPitValidation] mode=fast_render sortie=60 auto=right sweep return=fuel reserve 18s cargo=1483/1938 fuel=12.6/116.0s money=1801284 xp=28846 cores=0 clear=32.013 remaining=L1=4387 L2=13608 L3=32160 L4=35270 L5=28502 live_remaining=L1=4387 L2=13608 L3=32160 L4=35270 L5=28502 boss=false bought=1
[OpenPitValidation] checkpoint=C:/Users/stick/AppData/Roaming/Beep2Bleep Incremental/validation_fast_render_full/checkpoints/20260504_080637/fast_render/sortie_0060 completed_sorties=60
[OpenPitUpgradeStartup] progress_load_begin since_request=0.000ms
[OpenPitUpgradeStartup] progress_read_planet_state_binary sections=100 126.000ms since_request=0.000ms
[OpenPitValidation] mode=fast_render sortie=61 auto=top sweep return=cargo full cargo=1938/1938 fuel=43.5/116.0s money=2503039 xp=46291 cores=0 clear=33.156 remaining=L1=4184 L2=11885 L3=32165 L4=35270 L5=28502 live_remaining=L1=4184 L2=11885 L3=32165 L4=35270 L5=28502 boss=false bought=0
[OpenPitValidation] mode=fast_render sortie=62 auto=top sweep return=fuel reserve 18s cargo=814/2004 fuel=12.4/116.0s money=1079041 xp=53569 cores=0 clear=33.591 remaining=L1=3932 L2=11572 L3=31999 L4=35270 L5=28502 live_remaining=L1=3932 L2=11572 L3=31999 L4=35270 L5=28502 boss=false bought=1
[OpenPitValidation] mode=fast_render sortie=63 auto=center return=fuel reserve 18s cargo=539/2004 fuel=12.5/116.0s money=1555829 xp=59035 cores=0 clear=33.904 remaining=L1=3932 L2=11212 L3=31834 L4=35270 L5=28502 live_remaining=L1=3932 L2=11212 L3=31834 L4=35270 L5=28502 boss=false bought=0
[OpenPitValidation] mode=fast_render sortie=64 auto=top sweep return=cargo full cargo=2004/2004 fuel=17.5/116.0s money=3113075 xp=24403 cores=0 clear=35.049 remaining=L1=3847 L2=9820 L3=31387 L4=35270 L5=28502 live_remaining=L1=3847 L2=9820 L3=31387 L4=35270 L5=28502 boss=false bought=1
[OpenPitValidation] mode=fast_render sortie=65 auto=left sweep return=cargo full cargo=2058/2058 fuel=23.9/116.0s money=1622057 xp=46354 cores=1 clear=36.308 remaining=L1=3847 L2=7823 L3=31271 L4=35270 L5=28502 live_remaining=L1=3847 L2=7823 L3=31271 L4=35270 L5=28502 boss=false bought=1
[OpenPitValidation] mode=fast_render sortie=66 auto=top sweep return=cargo full cargo=2058/2058 fuel=24.8/116.0s money=4517915 xp=71636 cores=1 clear=37.541 remaining=L1=3847 L2=7158 L3=29871 L4=35270 L5=28502 live_remaining=L1=3847 L2=7158 L3=29871 L4=35270 L5=28502 boss=false bought=0
[OpenPitValidation] mode=fast_render sortie=67 auto=right sweep return=fuel reserve 18s cargo=664/2112 fuel=13.0/116.0s money=1074556 xp=79005 cores=1 clear=37.937 remaining=L1=3847 L2=6685 L3=29680 L4=35270 L5=28502 live_remaining=L1=3847 L2=6685 L3=29680 L4=35270 L5=28502 boss=false bought=1
[OpenPitValidation] mode=fast_render sortie=68 auto=right sweep return=fuel reserve 18s cargo=1648/2112 fuel=13.0/116.0s money=3418033 xp=97014 cores=1 clear=38.915 remaining=L1=3425 L2=6421 L3=28723 L4=35270 L5=28502 live_remaining=L1=3425 L2=6421 L3=28723 L4=35270 L5=28502 boss=false bought=0
[OpenPitValidation] mode=fast_render sortie=69 auto=left sweep return=fuel reserve 18s cargo=1972/2112 fuel=11.9/116.0s money=12224050 xp=36363 cores=1 clear=40.088 remaining=L1=3425 L2=6421 L3=26752 L4=35270 L5=28502 live_remaining=L1=3425 L2=6421 L3=26752 L4=35270 L5=28502 boss=false bought=2
[OpenPitValidation] mode=fast_render sortie=70 auto=top sweep return=fuel reserve 18s cargo=1561/2198 fuel=12.3/116.0s money=9775920 xp=56950 cores=1 clear=40.971 remaining=L1=3425 L2=6421 L3=25270 L4=35268 L5=28502 live_remaining=L1=3425 L2=6421 L3=25270 L4=35268 L5=28502 boss=false bought=2
[OpenPitValidation] checkpoint=C:/Users/stick/AppData/Roaming/Beep2Bleep Incremental/validation_fast_render_full/checkpoints/20260504_080637/fast_render/sortie_0070 completed_sorties=70
[OpenPitUpgradeStartup] progress_load_begin since_request=0.000ms
[OpenPitUpgradeStartup] progress_read_planet_state_binary sections=100 118.000ms since_request=0.000ms
[OpenPitValidation] mode=fast_render sortie=71 auto=core attack return= cargo=2252/2252 fuel=0.0/116.0s money=4942061 xp=137141 cores=7 clear=44.410 remaining=L1=3425 L2=5658 L3=21992 L4=33577 L5=28463 live_remaining=L1=3425 L2=5658 L3=21992 L4=33577 L5=28463 boss=false bought=1
[OpenPitValidation] mode=fast_render sortie=72 auto=core attack return= cargo=2252/2252 fuel=0.0/116.0s money=112438615 xp=193482 cores=1 clear=46.506 remaining=L1=3425 L2=5658 L3=21275 L4=31537 L5=27803 live_remaining=L1=3425 L2=5658 L3=21275 L4=31537 L5=27803 boss=false bought=3
[OpenPitValidation] mode=fast_render sortie=73 auto=right sweep return=fuel reserve 18s cargo=2104/2514 fuel=11.8/116.0s money=17708330 xp=54906 cores=1 clear=47.588 remaining=L1=3425 L2=5657 L3=19540 L4=31169 L5=28113 live_remaining=L1=3425 L2=5657 L3=19540 L4=31169 L5=28113 boss=false bought=6
[OpenPitValidation] mode=fast_render sortie=74 auto=center return=fuel reserve 18s cargo=1942/2574 fuel=12.0/116.0s money=12230704 xp=80608 cores=1 clear=48.744 remaining=L1=3425 L2=5657 L3=17598 L4=31169 L5=28113 live_remaining=L1=3425 L2=5657 L3=17598 L4=31169 L5=28113 boss=false bought=1
[OpenPitValidation] mode=fast_render sortie=75 auto=dig deep return=fuel reserve 18s cargo=2051/2574 fuel=12.1/116.0s money=9524754 xp=107661 cores=1 clear=49.965 remaining=L1=3425 L2=5627 L3=15577 L4=31169 L5=28113 live_remaining=L1=3425 L2=5627 L3=15577 L4=31169 L5=28113 boss=false bought=1
[OpenPitValidation] mode=fast_render sortie=76 auto=core attack return= cargo=2574/2574 fuel=0.0/116.0s money=416937480 xp=164100 cores=3 clear=51.853 remaining=L1=3425 L2=5627 L3=15469 L4=29872 L5=26349 live_remaining=L1=3425 L2=5627 L3=15469 L4=29872 L5=26349 boss=false bought=0
[OpenPitValidation] mode=fast_render sortie=77 auto=core attack return= cargo=1429/2784 fuel=0.0/116.0s money=473460249 xp=38297 cores=2 clear=52.660 remaining=L1=3425 L2=5627 L3=15435 L4=28900 L5=26099 live_remaining=L1=3425 L2=5627 L3=15435 L4=28900 L5=26099 boss=false bought=7
[OpenPitValidation] mode=fast_render sortie=78 auto=left sweep return=fuel reserve 18s cargo=1870/2976 fuel=13.4/116.0s money=3928446 xp=63104 cores=2 clear=53.718 remaining=L1=3425 L2=5135 L3=14057 L4=28900 L5=26189 live_remaining=L1=3425 L2=5135 L3=14057 L4=28900 L5=26189 boss=false bought=4
[OpenPitValidation] mode=fast_render sortie=79 auto=left sweep return=fuel reserve 18s cargo=1898/2976 fuel=12.3/116.0s money=13127278 xp=90032 cores=2 clear=54.847 remaining=L1=3425 L2=5105 L3=12189 L4=28900 L5=26189 live_remaining=L1=3425 L2=5105 L3=12189 L4=28900 L5=26189 boss=false bought=0
[OpenPitValidation] mode=fast_render sortie=80 auto=center return=fuel reserve 18s cargo=2144/2976 fuel=12.4/116.0s money=25892343 xp=120932 cores=2 clear=56.123 remaining=L1=3425 L2=5080 L3=10195 L4=28775 L5=26189 live_remaining=L1=3425 L2=5080 L3=10195 L4=28775 L5=26189 boss=false bought=0
[OpenPitValidation] checkpoint=C:/Users/stick/AppData/Roaming/Beep2Bleep Incremental/validation_fast_render_full/checkpoints/20260504_080637/fast_render/sortie_0080 completed_sorties=80
[OpenPitUpgradeStartup] progress_load_begin since_request=0.000ms
[OpenPitUpgradeStartup] progress_read_planet_state_binary sections=100 98.000ms since_request=0.000ms
[OpenPitValidation] mode=fast_render sortie=81 auto=dig deep return=fuel reserve 18s cargo=2307/2976 fuel=11.4/116.0s money=56309802 xp=154944 cores=2 clear=57.497 remaining=L1=3425 L2=4468 L3=9675 L4=27600 L5=26189 live_remaining=L1=3425 L2=4468 L3=9675 L4=27600 L5=26189 boss=false bought=0
[OpenPitValidation] mode=fast_render sortie=82 auto=center return=fuel reserve 18s cargo=2460/2976 fuel=11.0/116.0s money=101271990 xp=194107 cores=2 clear=58.961 remaining=L1=3425 L2=4464 L3=8570 L4=26249 L5=26189 live_remaining=L1=3425 L2=4464 L3=8570 L4=26249 L5=26189 boss=false bought=0
[OpenPitValidation] mode=fast_render sortie=83 auto=right sweep return=fuel reserve 18s cargo=2269/2976 fuel=11.3/116.0s money=61226986 xp=231267 cores=2 clear=60.312 remaining=L1=3425 L2=4463 L3=7840 L4=24711 L5=26189 live_remaining=L1=3425 L2=4463 L3=7840 L4=24711 L5=26189 boss=false bought=1
[OpenPitValidation] mode=fast_render sortie=84 auto=core attack return= cargo=1292/2976 fuel=0.1/116.0s money=5022108201 xp=258295 cores=3 clear=61.081 remaining=L1=3425 L2=4463 L3=7825 L4=24622 L5=26025 live_remaining=L1=3425 L2=4463 L3=7825 L4=24622 L5=26025 boss=true bought=0
[OpenPitValidation] report=C:/Users/stick/AppData/Roaming/Beep2Bleep Incremental/validation_fast_render_full/summary.md
